python : 
test_credentials_get 
(tests.test_app.TestA
pp.test_credentials_g
et) ... ok
At line:1 char:1
+ python -m unittest 
-v tests/test_app.py 
> test_output.txt 
2>&1
+ ~~~~~~~~~~~~~~~~~~~
~~~~~~~~~~~~~~~~~~~~~
~~~~~~~~~~~~~~~~~~~~~
~
    + CategoryInfo   
           : NotSpe  
  cified: (test_cr   
 edential...als_g    
et) ... ok:Strin    
g) [], RemoteExc    
eption
    + FullyQualified 
   ErrorId : Native  
  CommandError
 
test_export_drawio (t
ests.test_app.TestApp
.test_export_drawio) 
... ok
test_index (tests.tes
t_app.TestApp.test_in
dex) ... ok
test_scan (tests.test
_app.TestApp.test_sca
n) ... ok
test_stats (tests.tes
t_app.TestApp.test_st
ats) ... C:\github-pr
od\aws-management\app
.py:148: 
DeprecationWarning: d
atetime.datetime.utcn
ow() is deprecated 
and scheduled for 
removal in a future 
version. Use 
timezone-aware 
objects to represent 
datetimes in UTC: dat
etime.datetime.now(da
tetime.UTC).
  end_time = 
datetime.utcnow()
ERROR

=====================
=====================
=====================
=======
ERROR: test_stats (te
sts.test_app.TestApp.
test_stats)
---------------------
---------------------
---------------------
-------
Traceback (most 
recent call last):
  File "C:\Users\USER
\AppData\Local\Progra
ms\Python\Python312\L
ib\unittest\mock.py",
 line 1396, in 
patched
    return 
func(*newargs, 
**newkeywargs)
           ^^^^^^^^^^
^^^^^^^^^^^^^^^^^^^
  File "C:\github-pro
d\aws-management\test
s\test_app.py", line 
104, in test_stats
    self.assertEqual(
result["arn:aws:sns:u
s-east-1:123:topic1"]
["published_24h"], 
42)
                     
~~~~~~~~~~~~~~~~~~~~~
~~~~~~~~~~~~~~~~~~~~~
^^^^^^^^^^^^^^^^^
KeyError: 
'published_24h'

---------------------
---------------------
---------------------
-------
Ran 5 tests in 0.019s

FAILED (errors=1)
